[    0.000000] Linux version 4.15.0-176-generic (buildd@lcy02-amd64-020) (gcc version 7.5.0 (Ubuntu 7.5.0-3ubuntu1~18.04)) #185-Ubuntu SMP Tue Mar 29 17:40:04 UTC 2022 (Ubuntu 4.15.0-176.185-generic 4.15.18)
[    0.000000] Command line: BOOT_IMAGE=/boot/vmlinuz-4.15.0-176-generic root=LABEL=cloudimg-rootfs ro console=tty1 console=ttyS0
[    0.000000] KERNEL supported cpus:
[    0.000000]   Intel GenuineIntel
[    0.000000]   AMD AuthenticAMD
[    0.000000]   Centaur CentaurHauls
[    0.000000] x86/fpu: Supporting XSAVE feature 0x001: 'x87 floating point registers'
[    0.000000] x86/fpu: Supporting XSAVE feature 0x002: 'SSE registers'
[    0.000000] x86/fpu: Supporting XSAVE feature 0x004: 'AVX registers'
[    0.000000] x86/fpu: xstate_offset[2]:  576, xstate_sizes[2]:  256
[    0.000000] x86/fpu: Enabled xstate features 0x7, context size is 832 bytes, using 'standard' format.
[    0.000000] e820: BIOS-provided physical RAM map:
[    0.000000] BIOS-e820: [mem 0x0000000000000000-0x000000000009fbff] usable
[    0.000000] BIOS-e820: [mem 0x000000000009fc00-0x000000000009ffff] reserved
[    0.000000] BIOS-e820: [mem 0x00000000000f0000-0x00000000000fffff] reserved
[    0.000000] BIOS-e820: [mem 0x0000000000100000-0x000000003ffeffff] usable
[    0.000000] BIOS-e820: [mem 0x000000003fff0000-0x000000003fffffff] ACPI data
[    0.000000] BIOS-e820: [mem 0x00000000fec00000-0x00000000fec00fff] reserved
[    0.000000] BIOS-e820: [mem 0x00000000fee00000-0x00000000fee00fff] reserved
[    0.000000] BIOS-e820: [mem 0x00000000fffc0000-0x00000000ffffffff] reserved
[    0.000000] NX (Execute Disable) protection: active
[    0.000000] SMBIOS 2.5 present.
[    0.000000] DMI: innotek GmbH VirtualBox/VirtualBox, BIOS VirtualBox 12/01/2006
[    0.000000] Hypervisor detected: KVM
[    0.000000] e820: last_pfn = 0x3fff0 max_arch_pfn = 0x400000000
[    0.000000] MTRR: Disabled
[    0.000000] x86/PAT: MTRRs disabled, skipping PAT initialization too.
[    0.000000] CPU MTRRs all blank - virtualized system.
[    0.000000] x86/PAT: Configuration [0-7]: WB  WT  UC- UC  WB  WT  UC- UC  
[    0.000000] found SMP MP-table at [mem 0x0009fff0-0x0009ffff]
[    0.000000] Scanning 1 areas for low memory corruption
[    0.000000] RAMDISK: [mem 0x359c7000-0x36cdafff]
[    0.000000] ACPI: Early table checksum verification disabled
[    0.000000] ACPI: RSDP 0x00000000000E0000 000024 (v02 VBOX  )
[    0.000000] ACPI: XSDT 0x000000003FFF0030 00003C (v01 VBOX   VBOXXSDT 00000001 ASL  00000061)
[    0.000000] ACPI: FACP 0x000000003FFF00F0 0000F4 (v04 VBOX   VBOXFACP 00000001 ASL  00000061)
[    0.000000] ACPI: DSDT 0x000000003FFF0470 002325 (v02 VBOX   VBOXBIOS 00000002 INTL 20100528)
[    0.000000] ACPI: FACS 0x000000003FFF0200 000040
[    0.000000] ACPI: FACS 0x000000003FFF0200 000040
[    0.000000] ACPI: APIC 0x000000003FFF0240 00005C (v02 VBOX   VBOXAPIC 00000001 ASL  00000061)
[    0.000000] ACPI: SSDT 0x000000003FFF02A0 0001CC (v01 VBOX   VBOXCPUT 00000002 INTL 20100528)
[    0.000000] ACPI: Reserving FACP table memory at [mem 0x3fff00f0-0x3fff01e3]
[    0.000000] ACPI: Reserving DSDT table memory at [mem 0x3fff0470-0x3fff2794]
[    0.000000] ACPI: Reserving FACS table memory at [mem 0x3fff0200-0x3fff023f]
[    0.000000] ACPI: Reserving FACS table memory at [mem 0x3fff0200-0x3fff023f]
[    0.000000] ACPI: Reserving APIC table memory at [mem 0x3fff0240-0x3fff029b]
[    0.000000] ACPI: Reserving SSDT table memory at [mem 0x3fff02a0-0x3fff046b]
[    0.000000] No NUMA configuration found
[    0.000000] Faking a node at [mem 0x0000000000000000-0x000000003ffeffff]
[    0.000000] NODE_DATA(0) allocated [mem 0x3ffc5000-0x3ffeffff]
[    0.000000] kvm-clock: cpu 0, msr 0:3ff44001, primary cpu clock
[    0.000000] kvm-clock: Using msrs 4b564d01 and 4b564d00
[    0.000000] kvm-clock: using sched offset of 3460987737 cycles
[    0.000000] clocksource: kvm-clock: mask: 0xffffffffffffffff max_cycles: 0x1cd42e4dffb, max_idle_ns: 881590591483 ns
[    0.000000] Zone ranges:
[    0.000000]   DMA      [mem 0x0000000000001000-0x0000000000ffffff]
[    0.000000]   DMA32    [mem 0x0000000001000000-0x000000003ffeffff]
[    0.000000]   Normal   empty
[    0.000000]   Device   empty
[    0.000000] Movable zone start for each node
[    0.000000] Early memory node ranges
[    0.000000]   node   0: [mem 0x0000000000001000-0x000000000009efff]
[    0.000000]   node   0: [mem 0x0000000000100000-0x000000003ffeffff]
[    0.000000] Reserved but unavailable: 104 pages
[    0.000000] Initmem setup node 0 [mem 0x0000000000001000-0x000000003ffeffff]
[    0.000000] ACPI: PM-Timer IO Port: 0x4008
[    0.000000] IOAPIC[0]: apic_id 2, version 32, address 0xfec00000, GSI 0-23
[    0.000000] ACPI: INT_SRC_OVR (bus 0 bus_irq 0 global_irq 2 dfl dfl)
[    0.000000] ACPI: INT_SRC_OVR (bus 0 bus_irq 9 global_irq 9 low level)
[    0.000000] Using ACPI (MADT) for SMP configuration information
[    0.000000] smpboot: Allowing 2 CPUs, 0 hotplug CPUs
[    0.000000] PM: Registered nosave memory: [mem 0x00000000-0x00000fff]
[    0.000000] PM: Registered nosave memory: [mem 0x0009f000-0x0009ffff]
[    0.000000] PM: Registered nosave memory: [mem 0x000a0000-0x000effff]
[    0.000000] PM: Registered nosave memory: [mem 0x000f0000-0x000fffff]
[    0.000000] e820: [mem 0x40000000-0xfebfffff] available for PCI devices
[    0.000000] Booting paravirtualized kernel on KVM
[    0.000000] clocksource: refined-jiffies: mask: 0xffffffff max_cycles: 0xffffffff, max_idle_ns: 7645519600211568 ns
[    0.000000] random: get_random_bytes called from start_kernel+0x99/0x500 with crng_init=0
[    0.000000] setup_percpu: NR_CPUS:8192 nr_cpumask_bits:2 nr_cpu_ids:2 nr_node_ids:1
[    0.000000] percpu: Embedded 50 pages/cpu s167936 r8192 d28672 u1048576
[    0.000000] PV qspinlock hash table entries: 256 (order: 0, 4096 bytes)
[    0.000000] Built 1 zonelists, mobility grouping on.  Total pages: 257913
[    0.000000] Policy zone: DMA32
[    0.000000] Kernel command line: BOOT_IMAGE=/boot/vmlinuz-4.15.0-176-generic root=LABEL=cloudimg-rootfs ro console=tty1 console=ttyS0
[    0.000000] Memory: 982640K/1048120K available (12300K kernel code, 2484K rwdata, 4324K rodata, 2468K init, 2724K bss, 65480K reserved, 0K cma-reserved)
[    0.000000] SLUB: HWalign=64, Order=0-3, MinObjects=0, CPUs=2, Nodes=1
[    0.000000] ftrace: allocating 39504 entries in 155 pages
[    0.004000] Hierarchical RCU implementation.
[    0.004000] 	RCU restricting CPUs from NR_CPUS=8192 to nr_cpu_ids=2.
[    0.004000] 	Tasks RCU enabled.
[    0.004000] RCU: Adjusting geometry for rcu_fanout_leaf=16, nr_cpu_ids=2
[    0.004000] NR_IRQS: 524544, nr_irqs: 440, preallocated irqs: 16
[    0.004000] Console: colour VGA+ 80x25
[    0.004000] console [tty1] enabled
[    0.004000] console [ttyS0] enabled
[    0.004000] ACPI: Core revision 20170831
[    0.004000] ACPI: 2 ACPI AML tables successfully acquired and loaded
[    0.004000] APIC: Switch to symmetric I/O mode setup
[    0.004000] x2apic enabled
[    0.004000] Switched APIC routing to physical x2apic.
[    0.004000] ..TIMER: vector=0x30 apic1=0 pin1=2 apic2=-1 pin2=-1
[    0.004004] tsc: Detected 2496.000 MHz processor
[    0.004821] Calibrating delay loop (skipped) preset value.. 4992.00 BogoMIPS (lpj=9984000)
[    0.005258] pid_max: default: 32768 minimum: 301
[    0.006039] Security Framework initialized
[    0.006789] Yama: becoming mindful.
[    0.008022] AppArmor: AppArmor initialized
[    0.011208] Dentry cache hash table entries: 131072 (order: 8, 1048576 bytes)
[    0.012049] Inode-cache hash table entries: 65536 (order: 7, 524288 bytes)
[    0.013074] Mount-cache hash table entries: 2048 (order: 2, 16384 bytes)
[    0.014053] Mountpoint-cache hash table entries: 2048 (order: 2, 16384 bytes)
[    0.015318] Last level iTLB entries: 4KB 64, 2MB 8, 4MB 8
[    0.016007] Last level dTLB entries: 4KB 64, 2MB 0, 4MB 0, 1GB 4
[    0.016923] Spectre V1 : Mitigation: usercopy/swapgs barriers and __user pointer sanitization
[    0.018217] Spectre V2 : Mitigation: Retpolines
[    0.020003] Spectre V2 : Spectre v2 / SpectreRSB mitigation: Filling RSB on context switch
[    0.021249] Speculative Store Bypass: Vulnerable
[    0.022080] Freeing SMP alternatives memory: 36K
[    0.132380] smpboot: CPU0: Intel(R) Core(TM) i5-10300H CPU @ 2.50GHz (family: 0x6, model: 0xa5, stepping: 0x2)
[    0.134714] Performance Events: unsupported p6 CPU model 165 no PMU driver, software events only.
[    0.136000] Hierarchical SRCU implementation.
[    0.136530] NMI watchdog: Perf event create on CPU 0 failed with -2
[    0.137513] NMI watchdog: Perf NMI watchdog permanently disabled
[    0.138481] smp: Bringing up secondary CPUs ...
[    0.139301] x86: Booting SMP configuration:
[    0.140002] .... node  #0, CPUs:      #1
[    0.004000] kvm-clock: cpu 1, msr 0:3ff44041, secondary cpu clock
[    0.144023] smp: Brought up 1 node, 2 CPUs
[    0.144693] smpboot: Max logical packages: 1
[    0.145387] smpboot: Total of 2 processors activated (9984.00 BogoMIPS)
[    0.146566] devtmpfs: initialized
[    0.146566] x86/mm: Memory block size: 128MB
[    0.148107] evm: security.selinux
[    0.148621] evm: security.SMACK64
[    0.149230] evm: security.SMACK64EXEC
[    0.149858] evm: security.SMACK64TRANSMUTE
[    0.150476] evm: security.SMACK64MMAP
[    0.151033] evm: security.apparmor
[    0.151586] evm: security.ima
[    0.152003] evm: security.capability
[    0.152595] clocksource: jiffies: mask: 0xffffffff max_cycles: 0xffffffff, max_idle_ns: 7645041785100000 ns
[    0.153405] futex hash table entries: 512 (order: 3, 32768 bytes)
[    0.154450] pinctrl core: initialized pinctrl subsystem
[    0.158366] RTC time:  7:23:57, date: 04/23/22
[    0.159146] NET: Registered protocol family 16
[    0.160059] audit: initializing netlink subsys (disabled)
[    0.160868] audit: type=2000 audit(1650698642.223:1): state=initialized audit_enabled=0 res=1
[    0.161377] cpuidle: using governor ladder
[    0.161377] cpuidle: using governor menu
[    0.161377] ACPI: bus type PCI registered
[    0.164008] acpiphp: ACPI Hot Plug PCI Controller Driver version: 0.5
[    0.165007] PCI: Using configuration type 1 for base access
[    0.168039] HugeTLB registered 2.00 MiB page size, pre-allocated 0 pages
[    0.169194] ACPI: Added _OSI(Module Device)
[    0.169194] ACPI: Added _OSI(Processor Device)
[    0.169336] ACPI: Added _OSI(3.0 _SCP Extensions)
[    0.170017] ACPI: Added _OSI(Processor Aggregator Device)
[    0.172003] ACPI: Added _OSI(Linux-Dell-Video)
[    0.172654] ACPI: Added _OSI(Linux-Lenovo-NV-HDMI-Audio)
[    0.173483] ACPI: Added _OSI(Linux-HPI-Hybrid-Graphics)
[    0.174507] ACPI: Executed 1 blocks of module-level executable AML code
[    0.178069] ACPI: Interpreter enabled
[    0.178635] ACPI: (supports S0 S5)
[    0.179158] ACPI: Using IOAPIC for interrupt routing
[    0.180000] PCI: Using host bridge windows from ACPI; if necessary, use "pci=nocrs" and report a bug
[    0.180136] ACPI: Enabled 2 GPEs in block 00 to 07
[    0.187372] ACPI: PCI Root Bridge [PCI0] (domain 0000 [bus 00-ff])
[    0.188008] acpi PNP0A03:00: _OSC: OS supports [ASPM ClockPM Segments MSI]
[    0.189368] acpi PNP0A03:00: _OSC: not requesting OS control; OS requires [ExtendedConfig ASPM ClockPM MSI]
[    0.190769] acpi PNP0A03:00: fail to add MMCONFIG information, can't access extended PCI configuration space under this bridge.
[    0.192344] PCI host bridge to bus 0000:00
[    0.193006] pci_bus 0000:00: root bus resource [io  0x0000-0x0cf7 window]
[    0.194388] pci_bus 0000:00: root bus resource [io  0x0d00-0xffff window]
[    0.196003] pci_bus 0000:00: root bus resource [mem 0x000a0000-0x000bffff window]
[    0.197075] pci_bus 0000:00: root bus resource [mem 0x40000000-0xfdffffff window]
[    0.198151] pci_bus 0000:00: root bus resource [bus 00-ff]
[    0.201977] pci 0000:00:01.1: legacy IDE quirk: reg 0x10: [io  0x01f0-0x01f7]
[    0.203066] pci 0000:00:01.1: legacy IDE quirk: reg 0x14: [io  0x03f6]
[    0.204000] pci 0000:00:01.1: legacy IDE quirk: reg 0x18: [io  0x0170-0x0177]
[    0.204004] pci 0000:00:01.1: legacy IDE quirk: reg 0x1c: [io  0x0376]
[    0.221477] pci 0000:00:07.0: quirk: [io  0x4000-0x403f] claimed by PIIX4 ACPI
[    0.222597] pci 0000:00:07.0: quirk: [io  0x4100-0x410f] claimed by PIIX4 SMB
[    0.228623] ACPI: PCI Interrupt Link [LNKA] (IRQs 5 9 10 *11)
[    0.229772] ACPI: PCI Interrupt Link [LNKB] (IRQs 5 9 *10 11)
[    0.230719] ACPI: PCI Interrupt Link [LNKC] (IRQs 5 *9 10 11)
[    0.231669] ACPI: PCI Interrupt Link [LNKD] (IRQs 5 9 10 *11)
[    0.232361] SCSI subsystem initialized
[    0.233263] pci 0000:00:02.0: vgaarb: setting as boot VGA device
[    0.233263] pci 0000:00:02.0: vgaarb: VGA device added: decodes=io+mem,owns=io+mem,locks=none
[    0.236016] pci 0000:00:02.0: vgaarb: bridge control possible
[    0.236878] vgaarb: loaded
[    0.237511] ACPI: bus type USB registered
[    0.238144] usbcore: registered new interface driver usbfs
[    0.238965] usbcore: registered new interface driver hub
[    0.240011] usbcore: registered new device driver usb
[    0.240822] EDAC MC: Ver: 3.0.0
[    0.240822] PCI: Using ACPI for IRQ routing
[    0.240924] NetLabel: Initializing
[    0.241475] NetLabel:  domain hash size = 128
[    0.244007] NetLabel:  protocols = UNLABELED CIPSOv4 CALIPSO
[    0.244850] NetLabel:  unlabeled traffic allowed by default
[    0.245674] clocksource: Switched to clocksource kvm-clock
[    0.260382] VFS: Disk quotas dquot_6.6.0
[    0.261019] VFS: Dquot-cache hash table entries: 512 (order 0, 4096 bytes)
[    0.262076] AppArmor: AppArmor Filesystem Enabled
[    0.262810] pnp: PnP ACPI init
[    0.264143] pnp: PnP ACPI: found 3 devices
[    0.273990] clocksource: acpi_pm: mask: 0xffffff max_cycles: 0xffffff, max_idle_ns: 2085701024 ns
[    0.275503] NET: Registered protocol family 2
[    0.276269] IP idents hash table entries: 16384 (order: 5, 131072 bytes)
[    0.279809] TCP established hash table entries: 8192 (order: 4, 65536 bytes)
[    0.280833] TCP bind hash table entries: 8192 (order: 5, 131072 bytes)
[    0.281847] TCP: Hash tables configured (established 8192 bind 8192)
[    0.282906] UDP hash table entries: 512 (order: 2, 16384 bytes)
[    0.283847] UDP-Lite hash table entries: 512 (order: 2, 16384 bytes)
[    0.284813] NET: Registered protocol family 1
[    0.285497] pci 0000:00:00.0: Limiting direct PCI/PCI transfers
[    0.286377] pci 0000:00:01.0: Activating ISA DMA hang workarounds
[    0.287310] pci 0000:00:02.0: Video device with shadowed ROM at [mem 0x000c0000-0x000dffff]
[    0.288616] Unpacking initramfs...
[    0.613428] Freeing initrd memory: 19536K
[    0.614720] clocksource: tsc: mask: 0xffffffffffffffff max_cycles: 0x23fa772cf26, max_idle_ns: 440795269835 ns
[    0.617680] platform rtc_cmos: registered platform RTC device (no PNP device found)
[    0.619385] Scanning for low memory corruption every 60 seconds
[    0.620889] Initialise system trusted keyrings
[    0.621568] Key type blacklist registered
[    0.622371] workingset: timestamp_bits=36 max_order=18 bucket_order=0
[    0.623952] zbud: loaded
[    0.624712] squashfs: version 4.0 (2009/01/31) Phillip Lougher
[    0.625729] fuse init (API version 7.26)
[    0.628860] Key type asymmetric registered
[    0.629436] Asymmetric key parser 'x509' registered
[    0.630823] Block layer SCSI generic (bsg) driver version 0.4 loaded (major 246)
[    0.633582] io scheduler noop registered
[    0.635318] io scheduler deadline registered
[    0.636376] io scheduler cfq registered (default)
[    0.637338] ACPI: AC Adapter [AC] (on-line)
[    0.638033] input: Power Button as /devices/LNXSYSTM:00/LNXPWRBN:00/input/input0
[    0.639199] ACPI: Power Button [PWRF]
[    0.639829] input: Sleep Button as /devices/LNXSYSTM:00/LNXSLPBN:00/input/input1
[    0.640924] ACPI: Sleep Button [SLPF]
[    0.642381] ACPI: Battery Slot [BAT0] (battery present)
[    0.643104] Serial: 8250/16550 driver, 32 ports, IRQ sharing enabled
[    0.664951] 00:02: ttyS0 at I/O 0x3f8 (irq = 4, base_baud = 115200) is a 16550A
[    0.671488] Linux agpgart interface v0.103
[    0.673550] loop: module loaded
[    0.674433] scsi host0: ata_piix
[    0.675016] scsi host1: ata_piix
[    0.675512] ata1: PATA max UDMA/33 cmd 0x1f0 ctl 0x3f6 bmdma 0xd000 irq 14
[    0.676462] ata2: PATA max UDMA/33 cmd 0x170 ctl 0x376 bmdma 0xd008 irq 15
[    0.677760] tun: Universal TUN/TAP device driver, 1.6
[    0.678510] PPP generic driver version 2.4.2
[    0.679184] ehci_hcd: USB 2.0 'Enhanced' Host Controller (EHCI) Driver
[    0.680373] ehci-pci: EHCI PCI platform driver
[    0.681309] ehci-platform: EHCI generic platform driver
[    0.682275] ohci_hcd: USB 1.1 'Open' Host Controller (OHCI) Driver
[    0.683334] ohci-pci: OHCI PCI platform driver
[    0.683990] ohci-platform: OHCI generic platform driver
[    0.684770] uhci_hcd: USB Universal Host Controller Interface driver
[    0.685704] i8042: PNP: PS/2 Controller [PNP0303:PS2K,PNP0f03:PS2M] at 0x60,0x64 irq 1,12
[    0.687282] serio: i8042 KBD port at 0x60,0x64 irq 1
[    0.688022] serio: i8042 AUX port at 0x60,0x64 irq 12
[    0.688910] mousedev: PS/2 mouse device common for all mice
[    0.690411] input: AT Translated Set 2 keyboard as /devices/platform/i8042/serio0/input/input2
[    0.691599] rtc_cmos rtc_cmos: rtc core: registered rtc_cmos as rtc0
[    0.692720] rtc_cmos rtc_cmos: alarms up to one day, 114 bytes nvram
[    0.693673] i2c /dev entries driver
[    0.694248] device-mapper: uevent: version 1.0.3
[    0.694970] device-mapper: ioctl: 4.37.0-ioctl (2017-09-20) initialised: dm-devel@redhat.com
[    0.696345] ledtrig-cpu: registered to indicate activity on CPUs
[    0.698983] NET: Registered protocol family 10
[    0.702899] Segment Routing with IPv6
[    0.703470] NET: Registered protocol family 17
[    0.704251] Key type dns_resolver registered
[    0.705185] mce: Using 0 MCE banks
[    0.705682] RAS: Correctable Errors collector initialized.
[    0.706442] sched_clock: Marking stable (705148734, 0)->(849982887, -144834153)
[    0.708030] registered taskstats version 1
[    0.708603] Loading compiled-in X.509 certificates
[    0.711222] Loaded X.509 cert 'Build time autogenerated kernel key: cf84eab1a20f3cf5ac3912166f3a35d35ba78c0c'
[    0.713834] Loaded X.509 cert 'Canonical Ltd. Live Patch Signing: 14df34d1a87cf37625abec039ef2bf521249b969'
[    0.716340] Loaded X.509 cert 'Canonical Ltd. Kernel Module Signing: 88f752e560a1e0737e31163a466ad7b70a850c19'
[    0.717659] blacklist: Loading compiled-in revocation X.509 certificates
[    0.718563] Loaded X.509 cert 'Canonical Ltd. Secure Boot Signing: 61482aa2830d0ab2ad5af10b7250da9033ddcef0'
[    0.719936] zswap: loaded using pool lzo/zbud
[    0.723435] Key type big_key registered
[    0.724303] Key type trusted registered
[    0.726264] Key type encrypted registered
[    0.726820] AppArmor: AppArmor sha1 policy hashing enabled
[    0.727565] ima: No TPM chip found, activating TPM-bypass! (rc=-19)
[    0.728425] ima: Allocated hash algorithm: sha1
[    0.729522] evm: HMAC attrs: 0x1
[    0.730645]   Magic number: 2:280:370
[    0.731668] rtc_cmos rtc_cmos: setting system clock to 2022-04-23 07:23:58 UTC (1650698638)
[    0.733660] BIOS EDD facility v0.16 2004-Jun-25, 0 devices found
[    0.734610] EDD information not available.
[    0.870601] Freeing unused kernel image memory: 2468K
[    1.132101] Write protecting the kernel read-only data: 20480k
[    1.134029] Freeing unused kernel image memory: 2008K
[    1.135438] Freeing unused kernel image memory: 1820K
[    1.143563] x86/mm: Checked W+X mappings: passed, no W+X pages found.
Loading, please wait...
starting version 237
[    1.189914] e1000: Intel(R) PRO/1000 Network Driver - version 7.3.21-k8-NAPI
[    1.190874] e1000: Copyright (c) 1999-2006 Intel Corporation.
[    1.193829] Fusion MPT base driver 3.04.20
[    1.194473] Copyright (c) 1999-2008 LSI Corporation
[    1.206008] AVX2 version of gcm_enc/dec engaged.
[    1.206855] AES CTR mode by8 optimization enabled
[    1.208568] Fusion MPT SPI Host driver 3.04.20
[    1.404109] input: ImExPS/2 Generic Explorer Mouse as /devices/platform/i8042/serio1/input/input4
[    1.584321] e1000 0000:00:03.0 eth0: (PCI:33MHz:32-bit) 02:1c:11:cc:2f:ec
[    1.585494] e1000 0000:00:03.0 eth0: Intel(R) PRO/1000 Network Connection
[    1.587545] mptbase: ioc0: Initiating bringup
[    1.587801] e1000 0000:00:03.0 enp0s3: renamed from eth0
[    2.221384] ioc0: LSI53C1030 A0: Capabilities={Initiator}
[    4.387528] scsi host2: ioc0: LSI53C1030 A0, FwRev=00000000h, Ports=1, MaxQ=256, IRQ=20
[    6.378163] scsi 2:0:0:0: Direct-Access     VBOX     HARDDISK         1.0  PQ: 0 ANSI: 5
[    6.703959] scsi target2:0:0: Beginning Domain Validation
[    6.707220] scsi target2:0:0: Domain Validation skipping write tests
[    6.708551] scsi target2:0:0: Ending Domain Validation
[    6.709400] scsi target2:0:0: asynchronous
[    6.710732] scsi 2:0:1:0: Direct-Access     VBOX     HARDDISK         1.0  PQ: 0 ANSI: 5
[    7.400602] scsi target2:0:1: Beginning Domain Validation
[    7.404518] random: fast init done
[    7.405223] scsi target2:0:1: Domain Validation skipping write tests
[    7.406071] scsi target2:0:1: Ending Domain Validation
[    7.406882] scsi target2:0:1: asynchronous
[    7.411256] random: systemd-udevd: uninitialized urandom read (16 bytes read)
[    7.412562] random: systemd-udevd: uninitialized urandom read (16 bytes read)
[    7.413588] random: systemd-udevd: uninitialized urandom read (16 bytes read)
[    7.415078] sd 2:0:0:0: Attached scsi generic sg0 type 0
[    7.416072] sd 2:0:0:0: [sda] 83886080 512-byte logical blocks: (42.9 GB/40.0 GiB)
[    7.416282] sd 2:0:1:0: Attached scsi generic sg1 type 0
[    7.418575] sd 2:0:0:0: [sda] Write Protect is off
[    7.419592] sd 2:0:1:0: [sdb] 20480 512-byte logical blocks: (10.5 MB/10.0 MiB)
[    7.420744] sd 2:0:0:0: [sda] Incomplete mode parameter data
[    7.421584] sd 2:0:0:0: [sda] Assuming drive cache: write through
[    7.422467] sd 2:0:1:0: [sdb] Write Protect is off
[    7.423591] sd 2:0:1:0: [sdb] Incomplete mode parameter data
[    7.424505] sd 2:0:1:0: [sdb] Assuming drive cache: write through
[    7.426583]  sda: sda1
[    7.427614] sd 2:0:0:0: [sda] Attached SCSI disk
[    7.430078] sd 2:0:1:0: [sdb] Attached SCSI disk
Begin: Loading essential drivers ... [    9.004072] raid6: sse2x1   gen() 11253 MB/s
[    9.052145] raid6: sse2x1   xor()  6790 MB/s
[    9.100053] raid6: sse2x2   gen() 13408 MB/s
[    9.148062] raid6: sse2x2   xor()  9076 MB/s
[    9.196190] raid6: sse2x4   gen() 14222 MB/s
[    9.244473] raid6: sse2x4   xor()  7734 MB/s
[    9.292089] raid6: avx2x1   gen() 21246 MB/s
[    9.340085] raid6: avx2x1   xor() 13661 MB/s
[    9.388045] raid6: avx2x2   gen() 28569 MB/s
[    9.436067] raid6: avx2x2   xor() 17120 MB/s
[    9.484045] raid6: avx2x4   gen() 30511 MB/s
[    9.532078] raid6: avx2x4   xor() 16285 MB/s
[    9.533342] raid6: using algorithm avx2x4 gen() 30511 MB/s
[    9.534377] raid6: .... xor() 16285 MB/s, rmw enabled
[    9.535300] raid6: using avx2x2 recovery algorithm
[    9.536857] xor: automatically using best checksumming function   avx       
[    9.538618] async_tx: api initialized (async)
done.
Begin: Running /scripts/init-premount ... done.
Begin: Mounting root file system ... Begin: Running /scripts/local-top ... done.
Begin: Running /scripts/local-premount ... [    9.575678] Btrfs loaded, crc32c=crc32c-intel
Scanning for Btrfs filesystems
done.
Warning: fsck not present, so skipping root file system
[    9.595748] EXT4-fs (sda1): mounted filesystem with ordered data mode. Opts: (null)
done.
Begin: Running /scripts/local-bottom ... done.
Begin: Running /scripts/init-bottom ... done.
[    9.717365] ip_tables: (C) 2000-2006 Netfilter Core Team
[    9.722658] systemd[1]: systemd 237 running in system mode. (+PAM +AUDIT +SELINUX +IMA +APPARMOR +SMACK +SYSVINIT +UTMP +LIBCRYPTSETUP +GCRYPT +GNUTLS +ACL +XZ +LZ4 +SECCOMP +BLKID +ELFUTILS +KMOD -IDN2 +IDN -PCRE2 default-hierarchy=hybrid)
[    9.725852] systemd[1]: Detected virtualization oracle.
[    9.726627] systemd[1]: Detected architecture x86-64.

Welcome to [1mUbuntu 18.04.6 LTS[0m!

[    9.731152] systemd[1]: Set hostname to <ubuntu>.
[    9.733406] systemd[1]: Initializing machine ID from random generator.
[    9.734396] systemd[1]: Installed transient /etc/machine-id file.
[    9.939874] systemd[1]: Set up automount Arbitrary Executable File Formats File System Automount Point.
[[0;32m  OK  [0m] Set up automount Arbitrary Executabâ€¦rmats File System Automount Point.
[    9.943412] systemd[1]: Created slice System Slice.
[[0;32m  OK  [0m] Created slice System Slice.
[    9.944734] systemd[1]: Listening on Journal Socket.
[[0;32m  OK  [0m] Listening on Journal Socket.
[    9.946513] systemd[1]: Starting Set the console keyboard layout...
         Starting Set the console keyboard layout...
[[0;32m  OK  [0m] Created slice system-serial\x2dgetty.slice.
[[0;32m  OK  [0m] Reached target System Time Synchronized.
[[0;32m  OK  [0m] Listening on Journal Audit Socket.
         Starting Uncomplicated firewall...
[[0;32m  OK  [0m] Listening on Device-mapper event daemon FIFOs.
         Starting Load Kernel Modules...
[[0;32m  OK  [0m] Listening on udev Kernel Socket.
[[0;32m  OK  [0m] Listening on Network Service Netlink Socket.
[[0;32m  OK  [0m] Listening on LVM2 poll daemon socket.
[[0;32m  OK  [0m] Started Forward Password Requests to Wall Directory Watch.
[[0;32m  OK  [0m] Listening on /dev/initctl Compatibility Named Pipe.
[[0;32m  OK  [0m] Listening on fsck to fsckd communication Socket.
         Starting File System Check on Root Device...
[[0;32m  OK  [0m] Reached target User and Group Name Lookups.
         Mounting POSIX Message Queue File System...
         Mounting Kernel Debug File System...
[    9.980699] Loading iSCSI transport class v2.0-870.
[[0;32m  OK  [0m] Reached target Swap.
[[0;32m  OK  [0m] Listening on LVM2 metadata daemon socket.
         Starting Monitoring of LVM2 mirrorsâ€¦ng dmeventd or progress polling...
         Starting Create list of required stâ€¦ce nodes for the current kernel...
[   10.023402] iscsi: registered transport (tcp)
[[0;32m  OK  [0m] Listening on Syslog Socket.
[[0;32m  OK  [0m] Listening on udev Control Socket.
[[0;32m  OK  [0m] Listening on Journal Socket (/dev/log).
         Starting Journal Service...
         Starting udev Coldplug all Devices...
         Mounting Huge Pages File System...
[[0;32m  OK  [0m] Created slice User and Session Slice.
[[0;32m  OK  [0m] Reached target Slices.
[[0;32m  OK  [0m] Started Uncomplicated firewall.
[[0;32m  OK  [0m] Mounted POSIX Message Queue File System.
[[0;32m  OK  [0m] Mounted Kernel Debug File System.
[[0;32m  OK  [0m] Started Create list of required staâ€¦vice nodes for the current kernel.
[[0;32m  OK  [0m] Mounted Huge Pages File System.
[[0;32m  OK  [0m] Started LVM2 metadata daemon.
[[0;32m  OK  [0m] Started File System Check Daemon to report status.
[   10.098817] iscsi: registered transport (iser)
         Starting Create Static Device Nodes in /dev...
[[0;32m  OK  [0m] Started Load Kernel Modules.
         Mounting FUSE Control File System...
         Mounting Kernel Configuration File System...
         Starting Apply Kernel Variables...
[[0;32m  OK  [0m] Started File System Check on Root Device.
[[0;32m  OK  [0m] Started Set the console keyboard layout.
[[0;32m  OK  [0m] Started Journal Service.
[[0;32m  OK  [0m] Started udev Coldplug all Devices.
[[0;32m  OK  [0m] Mounted FUSE Control File System.
[[0;32m  OK  [0m] Mounted Kernel Configuration File System.
         Starting Remount Root and Kernel File Systems...
[[0;32m  OK  [0m] Started Create Static Device Nodes in /dev.
[[0;32m  OK  [0m] Started Monitoring of LVM2 mirrors,â€¦sing dmeventd or progress polling.
[[0;32m  OK  [0m] Started Remount Root and Kernel File Systems.
[[0;32m  OK  [0m] Started Apply Kernel Variables.
         Starting Load/Save Random Seed...
[[0;32m  OK  [0m] Reached target Local File Systems (Pre).
[[0;32m  OK  [0m] Reached target Local File Systems.
         Starting Tell Plymouth To Write Out Runtime Data...
         Starting Set console font and keymap...
         Starting Commit a transient machine-id on disk...
         Starting ebtables ruleset management...
         Starting AppArmor initialization...
         Starting Flush Journal to Persistent Storage...
         Starting udev Kernel Device Manager...
[[0;32m  OK  [0m] Started Load/Save Random Seed.
[[0;32m  OK  [0m] Started Tell Plymouth To Write Out Runtime Data.
[[0;32m  OK  [0m] Started Set console font and keymap.
[[0;32m  OK  [0m] Started udev Kernel Device Manager.
[[0;32m  OK  [0m] Started Dispatch Password Requests to Console Directory Watch.
[[0;32m  OK  [0m] Reached target Local Encrypted Volumes.
[[0;32m  OK  [0m] Started Commit a transient machine-id on disk.
[[0;32m  OK  [0m] Started Flush Journal to Persistent Storage.
         Starting Create Volatile Files and Directories...
[[0;32m  OK  [0m] Started Create Volatile Files and Directories.
         Starting Update UTMP about System Boot/Shutdown...
[[0;32m  OK  [0m] Started ebtables ruleset management.
[[0;32m  OK  [0m] Started Update UTMP about System Boot/Shutdown.
[[0;32m  OK  [0m] Found device /dev/ttyS0.
[[0;32m  OK  [0m] Listening on Load/Save RF Kill Switch Status /dev/rfkill Watch.
[[0;32m  OK  [0m] Started AppArmor initialization.
         Starting Load AppArmor profiles managed internally by snapd...
         Starting Initial cloud-init job (pre-networking)...
[[0;32m  OK  [0m] Started Load AppArmor profiles managed internally by snapd.
[   12.005956] cloud-init[580]: Cloud-init v. 22.1-14-g2e17a0d6-0ubuntu1~18.04.3 running 'init-local' at Sat, 23 Apr 2022 07:24:09 +0000. Up 11.71 seconds.
[[0;32m  OK  [0m] Started Initial cloud-init job (pre-networking).
[[0;32m  OK  [0m] Reached target Network (Pre).
         Starting Network Service...
[[0;32m  OK  [0m] Started Network Service.
         Starting Wait for Network to be Configured...
         Starting Network Name Resolution...
[[0;32m  OK  [0m] Started Network Name Resolution.
[[0;32m  OK  [0m] Reached target Host and Network Name Lookups.
[[0;32m  OK  [0m] Reached target Network.
[[0;32m  OK  [0m] Started Wait for Network to be Configured.
         Starting Initial cloud-init job (metadata service crawler)...
[   14.505708] cloud-init[691]: Cloud-init v. 22.1-14-g2e17a0d6-0ubuntu1~18.04.3 running 'init' at Sat, 23 Apr 2022 07:24:12 +0000. Up 14.35 seconds.
[   14.520415] cloud-init[691]: ci-info: ++++++++++++++++++++++++++++++++++++++Net device info++++++++++++++++++++++++++++++++++++++
[   14.536172] cloud-init[691]: ci-info: +--------+------+----------------------------+---------------+--------+-------------------+
[   14.537344] cloud-init[691]: ci-info: | Device |  Up  |          Address           |      Mask     | Scope  |     Hw-Address    |
[   14.538564] cloud-init[691]: ci-info: +--------+------+----------------------------+---------------+--------+-------------------+
[   14.539792] cloud-init[691]: ci-info: | enp0s3 | True |         10.0.2.15          | 255.255.255.0 | global | 02:1c:11:cc:2f:ec |
[   14.541360] cloud-init[691]: ci-info: | enp0s3 | True | fe80::1c:11ff:fecc:2fec/64 |       .       |  link  | 02:1c:11:cc:2f:ec |
[   14.542941] cloud-init[691]: ci-info: |   lo   | True |         127.0.0.1          |   255.0.0.0   |  host  |         .         |
[   14.544809] cloud-init[691]: ci-info: |   lo   | True |          ::1/128           |       .       |  host  |         .         |
[   14.546260] cloud-init[691]: ci-info: +--------+------+----------------------------+---------------+--------+-------------------+
[   14.547595] cloud-init[691]: ci-info: ++++++++++++++++++++++++++++Route IPv4 info+++++++++++++++++++++++++++++
[   14.548879] cloud-init[691]: ci-info: +-------+-------------+----------+-----------------+-----------+-------+
[   14.550386] cloud-init[691]: ci-info: | Route | Destination | Gateway  |     Genmask     | Interface | Flags |
[   14.551696] cloud-init[691]: ci-info: +-------+-------------+----------+-----------------+-----------+-------+
[   14.552965] cloud-init[691]: ci-info: |   0   |   0.0.0.0   | 10.0.2.2 |     0.0.0.0     |   enp0s3  |   UG  |
[   14.554084] cloud-init[691]: ci-info: |   1   |   10.0.2.0  | 0.0.0.0  |  255.255.255.0  |   enp0s3  |   U   |
[   14.556129] cloud-init[691]: ci-info: |   2   |   10.0.2.2  | 0.0.0.0  | 255.255.255.255 |   enp0s3  |   UH  |
[   14.557624] cloud-init[691]: ci-info: +-------+-------------+----------+-----------------+-----------+-------+
[   14.559437] cloud-init[691]: ci-info: +++++++++++++++++++Route IPv6 info+++++++++++++++++++
[   14.561494] cloud-init[691]: ci-info: +-------+-------------+---------+-----------+-------+
[   14.564802] cloud-init[691]: ci-info: | Route | Destination | Gateway | Interface | Flags |
[   14.565879] cloud-init[691]: ci-info: +-------+-------------+---------+-----------+-------+
[   14.566965] cloud-init[691]: ci-info: |   1   |  fe80::/64  |    ::   |   enp0s3  |   U   |
[   14.567907] cloud-init[691]: ci-info: |   3   |    local    |    ::   |   enp0s3  |   U   |
[   14.568859] cloud-init[691]: ci-info: |   4   |   ff00::/8  |    ::   |   enp0s3  |   U   |
[   14.570526] cloud-init[691]: ci-info: +-------+-------------+---------+-----------+-------+
[   15.026641] cloud-init[691]: Generating public/private rsa key pair.
[   15.027384] cloud-init[691]: Your identification has been saved in /etc/ssh/ssh_host_rsa_key.
[   15.027930] cloud-init[691]: Your public key has been saved in /etc/ssh/ssh_host_rsa_key.pub.
[   15.028663] cloud-init[691]: The key fingerprint is:
[   15.029231] cloud-init[691]: SHA256:ruEqtbbb6EkkeuE09PCcRkGZH0bzexsZS0pW19NpT0U root@ubuntu-bionic
[   15.030272] cloud-init[691]: The key's randomart image is:
[   15.030834] cloud-init[691]: +---[RSA 2048]----+
[   15.031397] cloud-init[691]: |   .o+o   . .. oE|
[   15.040200] cloud-init[691]: |    o.oo . .  ooo|
[   15.052574] cloud-init[691]: |  o .o .+ o   .o.|
[   15.064306] cloud-init[691]: | . * ..o + +    .|
[   15.064686] cloud-init[691]: |  = B   S =      |
[[0;32m  OK  [0m] Started Initial cloud-init job (metadata service crawler).
[   15.080685] cloud-init[691]: | + *.  . . o     |
[[0;32m  OK  [0m] Reached target System Initialization.
[   15.093419] cloud-init[[0;32m  OK  [0m] Listening on Open-iSCSI iscsid Socket.
[691]: |. o.... . .      |
[   15.094454] cloud-init[691]: | ...o= o         |
[[0;32m  OK  [0m] Started ACPI Events Check.
[[0;32m  OK  [0m] Started Daily Cleanup of Temporary Directories.
[[0;32m  OK  [0m] Listening on ACPID Listen Socket.
[   15.104335] cloud-init[691]: |   +B++          |
[   15.118032] cloud-init[691]: +----[SHA256]-----+
[   15.119235]          cloud-initStarting LXD - unix socket.[691]: 
Generating public/private dsa key pair.
[[0;32m  OK  [0m] Listening on D-Bus System Message Bus Socket.
         Starting Socket activation for snappy daemon.
[   15.120517] cloud-init[691]: Your identification has been saved in /etc/ssh/ssh_host_dsa_key.
[   15.121227] [[0;32m  OK  [0m] Started Trigger to poll for Ubuntu â€¦(Only enabled on GCP LTS non-pro).
[[0;32m  OK  [0m] Reached target Paths.
[[0;32m  OK  [0m] Started Ubuntu Advantage Timer for running repeated jobs.
[[0;32m  OK  [0m] Listening on cloud-init hotplug hook socket.
cloud-init[691]: Your public key has been saved in /etc/ssh/ssh_host_dsa_key.pub.
[[0;32m  OK  [0m] Started Message of the Day.
[   15.125108] [[0;32m  OK  [0m] Started Discard unused blocks once a week.
[[0;32m  OK  [0m] Listening on UUID daemon activation socket.
[[0;32m  OK  [0m] Started Daily apt download activities.
[[0;32m  OK  [0m] Started Daily apt upgrade and clean activities.
[[0;32m  OK  [0m] Reached target Timers.
[[0;32m  OK  [0m] Reached target Network is Online.
[[0;32m  OK  [0m] Reached target Remote File Systems (Pre).
[[0;32m  OK  [0m] Reached target Remote File Systems.
cloud-init[691]: The key fingerprint is:
         Starting Availability of block devices...
[[0;32m  OK  [0m] Reached target Cloud-config availability.
[   15.133175] [[0;32m  OK  [0m] Listening on LXD - unix socket.
[[0;32m  OK  [0m] Listening on Socket activation for snappy daemon.
[[0;32m  OK  [0m] Started Availability of block devices.
[[0;32m  OK  [0m] Reached target Sockets.
[[0;32m  OK  [0m] Reached target Basic System.
cloud-init[691]: [SHA256:JVN8daWURnEEiA8GSzEfoBVrsRb20IkwaEPVAicE0ds root@ubuntu-bionic[0;32m  OK  [0m
] Started Deferred execution scheduler.
[   15.149739]          Starting Login Service...
         Starting Virtualbox guest utils...
         Starting System Logging Service...
cloud-init[691]: The key's randomart image is:
[   15.153652] cloud-init[691]: +---[DSA 1024]----+
[   15.154456] cloud-init[691]: |  o*=+=o&Ooo +*=*|
[   15.155254] cloud-init[691]: |    =o.*o%B.o.o+ |
[   15.156061] cloud-init[691]: |   . +..O.++ ..  |
[   15.157495] cloud-init[691]: |    . Eo +  .    |
[   15.159258] cloud-init[691]: |        S        |
[   15.160654] cloud-init[691]: |                 |
[   15.161476] cloud-init[691]: |                 |
         Starting Dispatcher daemon for systemd-networkd...
[[0;32m  OK  [0m] Started irqbalance daemon.
[   15.164240] cloud-init[[0;32m  OK  [0m] Started D-Bus System Message Bus.
[691]: |                 |
[   15.166415] cloud-init[691]: |                 |
[   15.168255] cloud-init[691]: +----[SHA256]-----+
[   15.169301] cloud-init[691]: Generating public/private ecdsa key pair.
[   15.170874] cloud-init[691]: Your identification has been saved in /etc/ssh/ssh_host_ecdsa_key.
[   15.172183] cloud-init[691]: Your public key has been saved in /etc/ssh/ssh_host_ecdsa_key.pub.
[   15.173437] cloud-init[691]: The key fingerprint is:
[   15.174412] cloud-init[691]: SHA256:qE1aQYoW7YJQBUXXqxYeShaczGr6nxvWIKpZvOQyMno root@ubuntu-bionic
[   15.179150] cloud-init[691]: The key's randomart image is:
[   15.188131] cloud-init[691]: +---[ECDSA 256]---+
[   15.188611] cloud-init[691]: | .+X+.o.         |
[   15.200455] cloud-init[691]: |.  oB+  .        |
[   15.200876] cloud-init[691]: |..oo...  .       |
[   15.212205] cloud-init[691]: |..+ + oo.        |
[   15.228325] cloud-init[691]: | o.+.o++S        |
[[0;32m  OK  [0m] Started Login Service.
[   15.244740] cloud-init[691]: |.o ..O+          |
         Starting LSB: Record successful boot for GRUB...
[   15.260546] cloud-init[691]: |..+ =.o          |
         Starting LXD - container startup/shutdown...
[   15.262065] cloud-init[691]: |*=Eo o           |         Starting Accounts Service...

[   15.273864] cloud-init[691]: |*=o.+.           |
[   15.275421] cloud-init[691]: +----[SHA256]-----+
[   15.276932] cloud-init[691]: Generating public/private ed25519 key pair.
[   15.277902] cloud-init[691]: Your identification has been saved in /etc/ssh/ssh_host_ed25519_key.
[   15.278632] cloud-init[691]: Your public key has been saved in /etc/ssh/ssh_host_ed25519_key.pub.
[   15.279449] cloud-init[691]: The key fingerprint is:
[   15.279897] cloud-init[691]: SHA256:5D9C61sCxyg7BByjYuNeQlZFy8bFkDzu3M2JHofipw4 root@ubuntu-bionic
[   15.280705] cloud-init[691]: The key's randomart image is:
[   15.281520] cloud-init[691]: +--[ED25519 256]--+
[   15.282353] cloud-init[691]: |  o.+++.         |
[   15.283700] cloud-init[691]: | o.oo+o.         |
[   15.285812] cloud-init[691]: |o=o .=. .        |
[   15.287552] cloud-init[691]: |* .... =         |
[   15.289114] cloud-init[691]: | o .= + S .      |
[   15.291343] cloud-init[691]: |. o. * O B       |
[   15.293620] cloud-init[691]: | . E+ o * +      |
[   15.295718] cloud-init[691]: |    .o + + .     |
[   15.296785] cloud-init[691]: |    .oo o.       |
[   15.297320] cloud-init[691]: +----[SHA256]-----+
[[0;32m  OK  [0m] Started Regular background program processing daemon.
         Starting Pollinate to seed the pseudo random number generator...
[[0;32m  OK  [0m] Started Unattended Upgrades Shutdown.
         Starting LSB: automatic crash report generation...
         Starting Snap Daemon...
[[0;32m  OK  [0m] Started FUSE filesystem for LXC.
         Starting Permit User Sessions...
[[0;32m  OK  [0m] Started System Logging Service.
[[0;32m  OK  [0m] Started LXD - container startup/shutdown.
[[0;32m  OK  [0m] Started Permit User Sessions.
         Starting Terminate Plymouth Boot Screen...
         Starting Hold until boot process finishes up...
[[0;32m  OK  [0m] Started Terminate Plymouth Boot Screen.
[[0;32m  OK  [0m] Started Hold until boot process finishes up.
[[0;32m  OK  [0m] Started Serial Getty on ttyS0.
         Starting Set console scheme...
[[0;32m  OK  [0m] Started Set console scheme.
[[0;32m  OK  [0m] Created slice system-getty.slice.
[[0;32m  OK  [0m] Started Getty on tty1.
[[0;32m  OK  [0m] Reached target Login Prompts.
[[0;32m  OK  [0m] Started Dispatcher daemon for systemd-networkd.
[[0;32m  OK  [0m] Started LSB: Record successful boot for GRUB.
[[0;32m  OK  [0m] Started LSB: automatic crash report generation.
         Starting Authorization Manager...
[[0;32m  OK  [0m] Started Virtualbox guest utils.
[[0;32m  OK  [0m] Started Authorization Manager.
[[0;32m  OK  [0m] Started Accounts Service.
[[0;32m  OK  [0m] Started Snap Daemon.
         Starting Wait until snapd is fully seeded...
         Starting Time & Date Service...
[[0;32m  OK  [0m] Started Time & Date Service.
[[0;32m  OK  [0m] Started Pollinate to seed the pseudo random number generator.
         Starting OpenBSD Secure Shell server...
[[0;32m  OK  [0m] Started OpenBSD Secure Shell server.
[[0;32m  OK  [0m] Started Wait until snapd is fully seeded.
         Starting Apply the settings specified in cloud-config...
[[0;32m  OK  [0m] Reached target Multi-User System.
[[0;32m  OK  [0m] Reached target Graphical Interface.
         Starting Update UTMP about System Runlevel Changes...
[[0;32m  OK  [0m] Started Update UTMP about System Runlevel Changes.
[[0;32m  OK  [0m] Created slice User Slice of vagrant.
         Starting User Manager for UID 1000...
[[0;32m  OK  [0m] Started Session 1 of user vagrant.
[[0;32m  OK  [0m] Started User Manager for UID 1000.
[   19.394972] cloud-init[1247]: Cloud-init v. 22.1-14-g2e17a0d6-0ubuntu1~18.04.3 running 'modules:config' at Sat, 23 Apr 2022 07:24:16 +0000. Up 18.88 seconds.
[[0;32m  OK  [0m] Started Apply the settings specified in cloud-config.
         Starting Execute cloud user/final scripts...
ci-info: no authorized SSH keys fingerprints found for user ubuntu.
<14>Apr 23 07:24:17 cloud-init: #############################################################
<14>Apr 23 07:24:17 cloud-init: -----BEGIN SSH HOST KEY FINGERPRINTS-----
<14>Apr 23 07:24:17 cloud-init: 1024 SHA256:JVN8daWURnEEiA8GSzEfoBVrsRb20IkwaEPVAicE0ds root@ubuntu-bionic (DSA)
<14>Apr 23 07:24:17 cloud-init: 256 SHA256:qE1aQYoW7YJQBUXXqxYeShaczGr6nxvWIKpZvOQyMno root@ubuntu-bionic (ECDSA)
<14>Apr 23 07:24:17 cloud-init: 256 SHA256:5D9C61sCxyg7BByjYuNeQlZFy8bFkDzu3M2JHofipw4 root@ubuntu-bionic (ED25519)
<14>Apr 23 07:24:17 cloud-init: 2048 SHA256:ruEqtbbb6EkkeuE09PCcRkGZH0bzexsZS0pW19NpT0U root@ubuntu-bionic (RSA)
<14>Apr 23 07:24:17 cloud-init: -----END SSH HOST KEY FINGERPRINTS-----
<14>Apr 23 07:24:17 cloud-init: #############################################################
-----BEGIN SSH HOST KEY KEYS-----
ecdsa-sha2-nistp256 AAAAE2VjZHNhLXNoYTItbmlzdHAyNTYAAAAIbmlzdHAyNTYAAABBBKglD/jdgidQt5V+b2ppaxsSyb0xCSHy/Opal4HBywkvXRumt5i4fSgc7tEJ1cdt9tu1Bb378sznJRtM+6U805M= root@ubuntu-bionic
ssh-ed25519 AAAAC3NzaC1lZDI1NTE5AAAAIMjXEg9JYNjbZQRD0RF69rlWLa2CdxGtbp+TaxcBFIfY root@ubuntu-bionic
ssh-rsa AAAAB3NzaC1yc2EAAAADAQABAAABAQDJebK2EOpsGfrDLICUOitZdGT5SBpmuA6z9cLz2b5pwZVm0fvZlAuzWpSVdoE3E73dbGEQKYInWrdoKG+Gb4QiDDmEyHR2HY7vrIFGEaijxILqqoidxfncLw0e1zjIYEyVHL4Fc/xofkPlY4TAtXsHnig/pEViJAdaYxxwOW1v+jk5Q23CuMoqyahdDTEnqMKG+5S8YcLYoamgS7IQBvKQoPh8oyhEdmySWGXi2zBJKStZsxgzXOf0tqOhR3NlVNLLMJ8DNCAXEguWBmQtDuLRXv9FNXAJrZ0vsBBIAY3b9OuSSWSRT8yXKg280IuIdwECuOKmPJpEOA8DScPOMAId root@ubuntu-bionic
-----END SSH HOST KEY KEYS-----
[   20.173853] cloud-init[1367]: Cloud-init v. 22.1-14-g2e17a0d6-0ubuntu1~18.04.3 running 'modules:final' at Sat, 23 Apr 2022 07:24:17 +0000. Up 19.83 seconds.
[   20.177664] cloud-init[1367]: Cloud-init v. 22.1-14-g2e17a0d6-0ubuntu1~18.04.3 finished at Sat, 23 Apr 2022 07:24:17 +0000. Datasource DataSourceNoCloud [seed=/dev/sdb][dsmode=net].  Up 20.15 seconds
[[0;32m  OK  [0m] Started Execute cloud user/final scripts.
[[0;32m  OK  [0m] Reached target Cloud-init target.

Ubuntu 18.04.6 LTS ubuntu-bionic ttyS0

ubuntu-bionic login: 